// Jest Snapshot v1, https://goo.gl/fbAQLP

exports[`Should render AddExpensePage correctly 1`] = `
<div>
  <div
    className="pageHeader"
  >
    <div
      className="summaryContent"
    >
      <h1
        className="pageHeaderTitle"
      >
        Add expense
      </h1>
    </div>
  </div>
  <div
    className="content-container"
  >
    <ExpenseForm
      onSubmit={[Function]}
    />
  </div>
</div>
`;
