// Jest Snapshot v1, https://goo.gl/fbAQLP

exports[`Should render list item correctly 1`] = `
<Link
  className="list_item"
  replace={false}
  to="/edit/1"
>
  <div>
    <h3
      className="list_item_description"
    >
      First expense
    </h3>
    <p
      className="list_item_notes"
    >
      <small>
        TestNote1
      </small>
    </p>
    <p
      className="list_item_notes"
    >
      <small>
        OTHER
      </small>
    </p>
    <span>
      1st January 1970
    </span>
  </div>
  <h3
    className="list_item_amount"
  >
    $1.00
  </h3>
</Link>
`;
