// Jest Snapshot v1, https://goo.gl/fbAQLP

exports[`Should correctly render component 1`] = `
<div>
  <button
    onClick={[Function]}
  >
    Log in
  </button>
</div>
`;
